// Jest Snapshot v1, https://goo.gl/fbAQLP

exports[`<App /> should save a snapshot of the component 1`] = `<AppRouter />`;
