// Jest Snapshot v1, https://goo.gl/fbAQLP

exports[`<Layout /> should save a snapshot of the component 1`] = `
<div
  className="bg-white"
>
  <Header />
  <div>
    <p>
      Children content
    </p>
  </div>
  <Footer />
</div>
`;
