// Jest Snapshot v1, https://goo.gl/fbAQLP

exports[`<FavoritesList /> should save a snapshot of the component 1`] = `
<div
  className="favority-container"
>
  <div
    className="favority-container--card-container"
    key="1"
  >
    <FavorityDetail
      images={Array []}
      name="fake name"
    />
  </div>
  <div
    className="favority-container--new-item"
  >
    <FavorityNewList />
  </div>
</div>
`;
