// Jest Snapshot v1, https://goo.gl/fbAQLP

exports[`<Navbar /> should save a snapshot of the component 1`] = `
<nav
  className="md:top-0 z-20 | w-full md:w-auto | bg-green-300 md:bg-white"
>
  <ul
    className="flex md:flex flex-col md:flex-row | md:space-x-6 text-white md:text-primary"
  >
    <li
      className="px-4 py-2 md:p-0 | border-b md:border-0"
      key="1"
    >
      <Link
        to="/"
      >
        Cundinamarca
      </Link>
    </li>
    <li
      className="px-4 py-2 md:p-0 | border-b md:border-0"
      key="2"
    >
      <Link
        to="/"
      >
        Antioquia
      </Link>
    </li>
    <li
      className="px-4 py-2 md:p-0 | border-b md:border-0"
      key="3"
    >
      <Link
        to="/"
      >
        Recursos
      </Link>
    </li>
    <li
      className="px-4 py-2 md:p-0"
    >
      <Link
        className="flex flex-row items-center relative"
        to="/"
      >
        <span
          className="pr-2"
        >
          Perfil
        </span>
        <MdKeyboardArrowDown
          className="hidden md:block"
          size={24}
        />
        <div
          className="absolute hidden md:block top-0.5 right-0"
        >
          <NotificationBar />
        </div>
      </Link>
    </li>
  </ul>
</nav>
`;
