// Jest Snapshot v1, https://goo.gl/fbAQLP

exports[`<Footer /> should save a snapshot of the component 1`] = `
<footer
  className="absolute w-full bottom-0 flex justify-center items-center h-14 bg-green-300"
>
  <p
    className="text-white text-center text-sm"
  >
    Copyright Â© 
    2021
     All Rights.
  </p>
</footer>
`;
